Starting project at /Users/ritika/Garden/mobile
Metro is running in CI mode, reloads are disabled. Remove CI=true to enable watch mode.
Starting Metro Bundler
The following packages should be updated for best compatibility with the installed expo version:
  @expo/metro-runtime@55.0.10 - expected version: ~6.1.2
  expo-font@55.0.6 - expected version: ~14.0.11
  react-dom@19.2.5 - expected version: 19.1.0
  react-native-gesture-handler@2.31.1 - expected version: ~2.28.0
  react-native-reanimated@4.3.0 - expected version: ~4.1.1
Your project may not work correctly until you install the expected versions of the packages.
Waiting on http://localhost:19006
Logs for your project will appear below.
Web Bundling failed 213ms index.js (1 module)
 ERROR  Error: [BABEL] /Users/ritika/Garden/mobile/index.js: Cannot find module 'react-native-worklets/plugin'
Require stack:
- /Users/ritika/Garden/mobile/node_modules/react-native-reanimated/plugin/index.js
- /Users/ritika/Garden/mobile/node_modules/expo/node_modules/babel-preset-expo/build/index.js
- /Users/ritika/Garden/mobile/node_modules/expo/internal/babel-preset.js
- /Users/ritika/Garden/mobile/node_modules/expo/node_modules/@expo/metro-config/build/loadBabelConfig.js
- /Users/ritika/Garden/mobile/node_modules/expo/node_modules/@expo/metro-config/build/babel-transformer.js
- /Users/ritika/Garden/mobile/node_modules/expo/node_modules/@expo/metro-config/build/transform-worker/metro-transform-worker.js
- /Users/ritika/Garden/mobile/node_modules/expo/node_modules/@expo/metro-config/build/transform-worker/transform-worker.js
- /Users/ritika/Garden/mobile/node_modules/metro/src/DeltaBundler/Worker.flow.js
- /Users/ritika/Garden/mobile/node_modules/metro/src/DeltaBundler/Worker.js
- /Users/ritika/Garden/mobile/node_modules/jest-worker/build/workers/processChild.js (While processing: "base$0")
    at Module._resolveFilename (node:internal/modules/cjs/loader:1383:15)
    at defaultResolveImpl (node:internal/modules/cjs/loader:1025:19)
    at resolveForCJSWithHooks (node:internal/modules/cjs/loader:1030:22)
    at Module._load (node:internal/modules/cjs/loader:1192:37)
    at TracingChannel.traceSync (node:diagnostics_channel:328:14)
    at wrapModuleLoad (node:internal/modules/cjs/loader:237:24)
    at Module.require (node:internal/modules/cjs/loader:1463:12)
    at require (node:internal/modules/helpers:147:16)
    at Object.<anonymous> (/Users/ritika/Garden/mobile/node_modules/react-native-reanimated/plugin/index.js:2:16)
    at Module._compile (node:internal/modules/cjs/loader:1705:14)
    at Module._extensions..js (node:internal/modules/cjs/loader:1838:10)
    at Module.load (node:internal/modules/cjs/loader:1441:32)
    at Module._load (node:internal/modules/cjs/loader:1263:12)
    at TracingChannel.traceSync (node:diagnostics_channel:328:14)
    at wrapModuleLoad (node:internal/modules/cjs/loader:237:24)
    at Module.require (node:internal/modules/cjs/loader:1463:12)
    at require (node:internal/modules/helpers:147:16)
    at babelPresetExpo (/Users/ritika/Garden/mobile/node_modules/expo/node_modules/babel-preset-expo/build/index.js:291:62)
    at sync (/Users/ritika/Garden/mobile/node_modules/@babel/core/lib/gensync-utils/async.js:30:25)
    at sync (/Users/ritika/Garden/mobile/node_modules/gensync/index.js:182:19)
    at /Users/ritika/Garden/mobile/node_modules/gensync/index.js:210:24
    at Generator.next (<anonymous>)
    at /Users/ritika/Garden/mobile/node_modules/@babel/core/lib/config/full.js:180:21
    at Generator.next (<anonymous>)
    at Function.<anonymous> (/Users/ritika/Garden/mobile/node_modules/@babel/core/lib/gensync-utils/async.js:21:3)
    at Generator.next (<anonymous>)
    at evaluateSync (/Users/ritika/Garden/mobile/node_modules/gensync/index.js:251:28)
    at Function.sync (/Users/ritika/Garden/mobile/node_modules/gensync/index.js:89:14)
    at sync (/Users/ritika/Garden/mobile/node_modules/@babel/core/lib/gensync-utils/async.js:61:25)
    at sync (/Users/ritika/Garden/mobile/node_modules/gensync/index.js:182:19)
    at onFirstPause (/Users/ritika/Garden/mobile/node_modules/gensync/index.js:210:24)
    at Generator.next (<anonymous>)
    at cachedFunction (/Users/ritika/Garden/mobile/node_modules/@babel/core/lib/config/caching.js:52:46)
    at cachedFunction.next (<anonymous>)
    at loadPresetDescriptor (/Users/ritika/Garden/mobile/node_modules/@babel/core/lib/config/full.js:292:43)
    at loadPresetDescriptor.next (<anonymous>)
    at recursePresetDescriptors (/Users/ritika/Garden/mobile/node_modules/@babel/core/lib/config/full.js:77:31)
    at recursePresetDescriptors.next (<anonymous>)
    at /Users/ritika/Garden/mobile/node_modules/@babel/core/lib/config/full.js:156:21
    at Generator.next (<anonymous>)
    at loadFullConfig (/Users/ritika/Garden/mobile/node_modules/@babel/core/lib/config/full.js:113:5)
    at loadFullConfig.next (<anonymous>)
    at transform (/Users/ritika/Garden/mobile/node_modules/@babel/core/lib/transform.js:20:44)
    at transform.next (<anonymous>)
    at evaluateSync (/Users/ritika/Garden/mobile/node_modules/gensync/index.js:251:28)
    at sync (/Users/ritika/Garden/mobile/node_modules/gensync/index.js:89:14)
    at stopHiding - secret - don't use this - v1 (/Users/ritika/Garden/mobile/node_modules/@babel/core/lib/errors/rewrite-stack-trace.js:47:12)
    at Object.transformSync (/Users/ritika/Garden/mobile/node_modules/@babel/core/lib/transform.js:40:76)
    at parseWithBabel (/Users/ritika/Garden/mobile/node_modules/expo/node_modules/@expo/metro-config/build/transformSync.js:75:18)
Web ./index.js ░░░░░░░░░░░░░░░░  0.0% (0/1)
Web Bundling failed 6ms index.js (1 module)
 ERROR  Error: [BABEL] /Users/ritika/Garden/mobile/index.js: Cannot find module 'react-native-worklets/plugin'
Require stack:
- /Users/ritika/Garden/mobile/node_modules/react-native-reanimated/plugin/index.js
- /Users/ritika/Garden/mobile/node_modules/expo/node_modules/babel-preset-expo/build/index.js
- /Users/ritika/Garden/mobile/node_modules/expo/internal/babel-preset.js
- /Users/ritika/Garden/mobile/node_modules/expo/node_modules/@expo/metro-config/build/loadBabelConfig.js
- /Users/ritika/Garden/mobile/node_modules/expo/node_modules/@expo/metro-config/build/babel-transformer.js
- /Users/ritika/Garden/mobile/node_modules/expo/node_modules/@expo/metro-config/build/transform-worker/metro-transform-worker.js
- /Users/ritika/Garden/mobile/node_modules/expo/node_modules/@expo/metro-config/build/transform-worker/transform-worker.js
- /Users/ritika/Garden/mobile/node_modules/metro/src/DeltaBundler/Worker.flow.js
- /Users/ritika/Garden/mobile/node_modules/metro/src/DeltaBundler/Worker.js
- /Users/ritika/Garden/mobile/node_modules/jest-worker/build/workers/processChild.js (While processing: "base$0")
    at Module._resolveFilename (node:internal/modules/cjs/loader:1383:15)
    at defaultResolveImpl (node:internal/modules/cjs/loader:1025:19)
    at resolveForCJSWithHooks (node:internal/modules/cjs/loader:1030:22)
    at Module._load (node:internal/modules/cjs/loader:1192:37)
    at TracingChannel.traceSync (node:diagnostics_channel:328:14)
    at wrapModuleLoad (node:internal/modules/cjs/loader:237:24)
    at Module.require (node:internal/modules/cjs/loader:1463:12)
    at require (node:internal/modules/helpers:147:16)
    at Object.<anonymous> (/Users/ritika/Garden/mobile/node_modules/react-native-reanimated/plugin/index.js:2:16)
    at Module._compile (node:internal/modules/cjs/loader:1705:14)
    at Module._extensions..js (node:internal/modules/cjs/loader:1838:10)
    at Module.load (node:internal/modules/cjs/loader:1441:32)
    at Module._load (node:internal/modules/cjs/loader:1263:12)
    at TracingChannel.traceSync (node:diagnostics_channel:328:14)
    at wrapModuleLoad (node:internal/modules/cjs/loader:237:24)
    at Module.require (node:internal/modules/cjs/loader:1463:12)
    at require (node:internal/modules/helpers:147:16)
    at babelPresetExpo (/Users/ritika/Garden/mobile/node_modules/expo/node_modules/babel-preset-expo/build/index.js:291:62)
    at sync (/Users/ritika/Garden/mobile/node_modules/@babel/core/lib/gensync-utils/async.js:30:25)
    at sync (/Users/ritika/Garden/mobile/node_modules/gensync/index.js:182:19)
    at /Users/ritika/Garden/mobile/node_modules/gensync/index.js:210:24
    at Generator.next (<anonymous>)
    at /Users/ritika/Garden/mobile/node_modules/@babel/core/lib/config/full.js:180:21
    at Generator.next (<anonymous>)
    at Function.<anonymous> (/Users/ritika/Garden/mobile/node_modules/@babel/core/lib/gensync-utils/async.js:21:3)
    at Generator.next (<anonymous>)
    at evaluateSync (/Users/ritika/Garden/mobile/node_modules/gensync/index.js:251:28)
    at Function.sync (/Users/ritika/Garden/mobile/node_modules/gensync/index.js:89:14)
    at sync (/Users/ritika/Garden/mobile/node_modules/@babel/core/lib/gensync-utils/async.js:61:25)
    at sync (/Users/ritika/Garden/mobile/node_modules/gensync/index.js:182:19)
    at onFirstPause (/Users/ritika/Garden/mobile/node_modules/gensync/index.js:210:24)
    at Generator.next (<anonymous>)
    at cachedFunction (/Users/ritika/Garden/mobile/node_modules/@babel/core/lib/config/caching.js:52:46)
    at cachedFunction.next (<anonymous>)
    at loadPresetDescriptor (/Users/ritika/Garden/mobile/node_modules/@babel/core/lib/config/full.js:292:43)
    at loadPresetDescriptor.next (<anonymous>)
    at recursePresetDescriptors (/Users/ritika/Garden/mobile/node_modules/@babel/core/lib/config/full.js:77:31)
    at recursePresetDescriptors.next (<anonymous>)
    at /Users/ritika/Garden/mobile/node_modules/@babel/core/lib/config/full.js:156:21
    at Generator.next (<anonymous>)
    at loadFullConfig (/Users/ritika/Garden/mobile/node_modules/@babel/core/lib/config/full.js:113:5)
    at loadFullConfig.next (<anonymous>)
    at transform (/Users/ritika/Garden/mobile/node_modules/@babel/core/lib/transform.js:20:44)
    at transform.next (<anonymous>)
    at evaluateSync (/Users/ritika/Garden/mobile/node_modules/gensync/index.js:251:28)
    at sync (/Users/ritika/Garden/mobile/node_modules/gensync/index.js:89:14)
    at stopHiding - secret - don't use this - v1 (/Users/ritika/Garden/mobile/node_modules/@babel/core/lib/errors/rewrite-stack-trace.js:47:12)
    at Object.transformSync (/Users/ritika/Garden/mobile/node_modules/@babel/core/lib/transform.js:40:76)
    at parseWithBabel (/Users/ritika/Garden/mobile/node_modules/expo/node_modules/@expo/metro-config/build/transformSync.js:75:18)
Web Bundling failed 6ms index.js (1 module)
 ERROR  Error: [BABEL] /Users/ritika/Garden/mobile/index.js: Cannot find module 'react-native-worklets/plugin'
Require stack:
- /Users/ritika/Garden/mobile/node_modules/react-native-reanimated/plugin/index.js
- /Users/ritika/Garden/mobile/node_modules/expo/node_modules/babel-preset-expo/build/index.js
- /Users/ritika/Garden/mobile/node_modules/expo/internal/babel-preset.js
- /Users/ritika/Garden/mobile/node_modules/expo/node_modules/@expo/metro-config/build/loadBabelConfig.js
- /Users/ritika/Garden/mobile/node_modules/expo/node_modules/@expo/metro-config/build/babel-transformer.js
- /Users/ritika/Garden/mobile/node_modules/expo/node_modules/@expo/metro-config/build/transform-worker/metro-transform-worker.js
- /Users/ritika/Garden/mobile/node_modules/expo/node_modules/@expo/metro-config/build/transform-worker/transform-worker.js
- /Users/ritika/Garden/mobile/node_modules/metro/src/DeltaBundler/Worker.flow.js
- /Users/ritika/Garden/mobile/node_modules/metro/src/DeltaBundler/Worker.js
- /Users/ritika/Garden/mobile/node_modules/jest-worker/build/workers/processChild.js (While processing: "base$0")
    at Module._resolveFilename (node:internal/modules/cjs/loader:1383:15)
    at defaultResolveImpl (node:internal/modules/cjs/loader:1025:19)
    at resolveForCJSWithHooks (node:internal/modules/cjs/loader:1030:22)
    at Module._load (node:internal/modules/cjs/loader:1192:37)
    at TracingChannel.traceSync (node:diagnostics_channel:328:14)
    at wrapModuleLoad (node:internal/modules/cjs/loader:237:24)
    at Module.require (node:internal/modules/cjs/loader:1463:12)
    at require (node:internal/modules/helpers:147:16)
    at Object.<anonymous> (/Users/ritika/Garden/mobile/node_modules/react-native-reanimated/plugin/index.js:2:16)
    at Module._compile (node:internal/modules/cjs/loader:1705:14)
    at Module._extensions..js (node:internal/modules/cjs/loader:1838:10)
    at Module.load (node:internal/modules/cjs/loader:1441:32)
    at Module._load (node:internal/modules/cjs/loader:1263:12)
    at TracingChannel.traceSync (node:diagnostics_channel:328:14)
    at wrapModuleLoad (node:internal/modules/cjs/loader:237:24)
    at Module.require (node:internal/modules/cjs/loader:1463:12)
    at require (node:internal/modules/helpers:147:16)
    at babelPresetExpo (/Users/ritika/Garden/mobile/node_modules/expo/node_modules/babel-preset-expo/build/index.js:291:62)
    at sync (/Users/ritika/Garden/mobile/node_modules/@babel/core/lib/gensync-utils/async.js:30:25)
    at sync (/Users/ritika/Garden/mobile/node_modules/gensync/index.js:182:19)
    at /Users/ritika/Garden/mobile/node_modules/gensync/index.js:210:24
    at Generator.next (<anonymous>)
    at /Users/ritika/Garden/mobile/node_modules/@babel/core/lib/config/full.js:180:21
    at Generator.next (<anonymous>)
    at Function.<anonymous> (/Users/ritika/Garden/mobile/node_modules/@babel/core/lib/gensync-utils/async.js:21:3)
    at Generator.next (<anonymous>)
    at evaluateSync (/Users/ritika/Garden/mobile/node_modules/gensync/index.js:251:28)
    at Function.sync (/Users/ritika/Garden/mobile/node_modules/gensync/index.js:89:14)
    at sync (/Users/ritika/Garden/mobile/node_modules/@babel/core/lib/gensync-utils/async.js:61:25)
    at sync (/Users/ritika/Garden/mobile/node_modules/gensync/index.js:182:19)
    at onFirstPause (/Users/ritika/Garden/mobile/node_modules/gensync/index.js:210:24)
    at Generator.next (<anonymous>)
    at cachedFunction (/Users/ritika/Garden/mobile/node_modules/@babel/core/lib/config/caching.js:52:46)
    at cachedFunction.next (<anonymous>)
    at loadPresetDescriptor (/Users/ritika/Garden/mobile/node_modules/@babel/core/lib/config/full.js:292:43)
    at loadPresetDescriptor.next (<anonymous>)
    at recursePresetDescriptors (/Users/ritika/Garden/mobile/node_modules/@babel/core/lib/config/full.js:77:31)
    at recursePresetDescriptors.next (<anonymous>)
    at /Users/ritika/Garden/mobile/node_modules/@babel/core/lib/config/full.js:156:21
    at Generator.next (<anonymous>)
    at loadFullConfig (/Users/ritika/Garden/mobile/node_modules/@babel/core/lib/config/full.js:113:5)
    at loadFullConfig.next (<anonymous>)
    at transform (/Users/ritika/Garden/mobile/node_modules/@babel/core/lib/transform.js:20:44)
    at transform.next (<anonymous>)
    at evaluateSync (/Users/ritika/Garden/mobile/node_modules/gensync/index.js:251:28)
    at sync (/Users/ritika/Garden/mobile/node_modules/gensync/index.js:89:14)
    at stopHiding - secret - don't use this - v1 (/Users/ritika/Garden/mobile/node_modules/@babel/core/lib/errors/rewrite-stack-trace.js:47:12)
    at Object.transformSync (/Users/ritika/Garden/mobile/node_modules/@babel/core/lib/transform.js:40:76)
    at parseWithBabel (/Users/ritika/Garden/mobile/node_modules/expo/node_modules/@expo/metro-config/build/transformSync.js:75:18)
